// Jest Snapshot v1, https://goo.gl/fbAQLP

exports[`Matches snapshot 1`] = `
<div
  className="App"
>
  <div
    className="StyledGrommet-sc-19lkkz7-0 gNIRdc"
  >
    <header
      className="StyledBox-sc-13pk1d4-0 bPvFHc"
    >
      <div
        className="StyledBox-sc-13pk1d4-0 exzkbd"
      >
        <h2
          className="StyledHeading-sc-1rdh4aw-0 dvCPQZ"
        >
          Homepage
        </h2>
      </div>
      <div
        className="StyledBox__StyledBoxGap-sc-13pk1d4-1 iISQcM"
      />
      <nav
        className="StyledBox-sc-13pk1d4-0 BPjMB"
        color="text-strong"
      >
        <a
          aria-label="email"
          className="StyledAnchor-sc-1rp7lwl-0 ftDlUk"
          onBlur={[Function]}
          onClick={[Function]}
          onFocus={[Function]}
        >
          <svg
            aria-label="MailOption"
            className="StyledIcon-sc-ofa7kd-0 blohcu"
            viewBox="0 0 24 24"
          >
            <path
              d="M1 4h22v16H1V4zm0 1 11 8.5L23 5"
              fill="none"
              stroke="#000"
              strokeWidth="2"
            />
          </svg>
        </a>
        <div
          className="StyledBox__StyledBoxGap-sc-13pk1d4-1 iISQcM"
        />
        <a
          aria-label="github"
          className="StyledAnchor-sc-1rp7lwl-0 ftDlUk"
          onBlur={[Function]}
          onClick={[Function]}
          onFocus={[Function]}
        >
          <svg
            aria-label="Github"
            className="StyledIcon-sc-ofa7kd-0 blohcu"
            viewBox="0 0 24 24"
          >
            <path
              d="M11.999 1C5.926 1 1 5.925 1 12c0 4.86 3.152 8.983 7.523 10.437.55.102.75-.238.75-.53 0-.26-.009-.952-.014-1.87-3.06.664-3.706-1.475-3.706-1.475-.5-1.27-1.221-1.61-1.221-1.61-.999-.681.075-.668.075-.668 1.105.078 1.685 1.134 1.685 1.134.981 1.68 2.575 1.195 3.202.914.1-.71.384-1.195.698-1.47-2.442-.278-5.01-1.222-5.01-5.437 0-1.2.428-2.183 1.132-2.952-.114-.278-.491-1.397.108-2.91 0 0 .923-.297 3.025 1.127A10.536 10.536 0 0 1 12 6.32a10.49 10.49 0 0 1 2.754.37c2.1-1.424 3.022-1.128 3.022-1.128.6 1.514.223 2.633.11 2.911.705.769 1.13 1.751 1.13 2.952 0 4.226-2.572 5.156-5.022 5.428.395.34.747 1.01.747 2.037 0 1.47-.014 2.657-.014 3.017 0 .295.199.637.756.53C19.851 20.979 23 16.859 23 12c0-6.075-4.926-11-11.001-11"
              fill="#333"
              fillRule="evenodd"
            />
          </svg>
        </a>
        <div
          className="StyledBox__StyledBoxGap-sc-13pk1d4-1 iISQcM"
        />
        <a
          aria-label="linkedin"
          className="StyledAnchor-sc-1rp7lwl-0 ftDlUk"
          onBlur={[Function]}
          onClick={[Function]}
          onFocus={[Function]}
        >
          <svg
            aria-label="Linkedin"
            className="StyledIcon-sc-ofa7kd-0 blohcu"
            viewBox="0 0 24 24"
          >
            <path
              d="M20.452 20.45h-3.56v-5.57c0-1.328-.022-3.036-1.85-3.036-1.851 0-2.134 1.447-2.134 2.942v5.664H9.352V8.997h3.413v1.566h.049c.475-.9 1.636-1.85 3.367-1.85 3.605 0 4.27 2.371 4.27 5.456v6.281zM5.339 7.433a2.063 2.063 0 1 1 0-4.13 2.065 2.065 0 0 1 0 4.13zM7.12 20.45H3.558V8.997H7.12V20.45zM23 0H1a1 1 0 0 0-1 1v22a1 1 0 0 0 1 1h22a1 1 0 0 0 1-1V1a1 1 0 0 0-1-1z"
              fill="#0077B5"
              fillRule="evenodd"
            />
          </svg>
        </a>
      </nav>
    </header>
    <div
      className="StyledBox-sc-13pk1d4-0 vYUEo"
    >
      <div
        className="StyledBox-sc-13pk1d4-0 ilvccu"
      >
        <div
          className="StyledBox-sc-13pk1d4-0 dEaSmx StyledCarousel__StyledCarouselContainer-sc-c2hjel-0 jdFGBY"
          onKeyDown={[Function]}
        >
          <div
            className="StyledBox-sc-13pk1d4-0 eMuiZr StyledCarousel__StyledControl-sc-c2hjel-2 gXpWPa"
          >
            <button
              aria-label="Go to slide 0"
              className="StyledButton-sc-323bzc-0 boGqrI"
              disabled={true}
              onBlur={[Function]}
              onClick={[Function]}
              onFocus={[Function]}
              onMouseOut={[Function]}
              onMouseOver={[Function]}
              type="button"
            >
              <svg
                aria-label="Previous"
                className="StyledIcon-sc-ofa7kd-0 jQvEgu"
                viewBox="0 0 24 24"
              >
                <path
                  d="M17 2 7 12l10 10"
                  fill="none"
                  stroke="#000"
                  strokeWidth="2"
                />
              </svg>
            </button>
          </div>
          <div
            className="StyledBox-sc-13pk1d4-0 dEaSmx StyledCarousel__StyledCarouselChild-sc-c2hjel-1 bGaiDG"
          >
            <div
              className="StyledBox-sc-13pk1d4-0 dEaSmx"
            >
              <div
                className="StyledBox-sc-13pk1d4-0 eYZtEc"
              >
                <h1
                  className="StyledHeading-sc-1rdh4aw-0 hHHhgl"
                >
                  Welcome!
                </h1>
                <div
                  className="StyledBox-sc-13pk1d4-0 hfOBwU"
                >
                  <span
                    className="StyledText-sc-1sadyjn-0 fZArgj"
                  >
                    This webpage is a showcase of projects that I have developed in my spare time. Each project has a brief description along with links to the source code and the application itself. Further information may be found in a project's README file within the source code.
                  </span>
                </div>
                <div
                  className="StyledBox-sc-13pk1d4-0 hfOBwU"
                >
                  <span
                    className="StyledText-sc-1sadyjn-0 fZArgj"
                  >
                    In addition to these projects, the infrastucture-as-code for the CI/CD pipelines used to deploy the projects can also be found on my GitHub page, along with some older projects which are no longer maintained.
                  </span>
                </div>
                <div
                  className="StyledBox-sc-13pk1d4-0 hfOBwU"
                >
                  <span
                    className="StyledText-sc-1sadyjn-0 fZArgj"
                  >
                    You can use the arrow to the right of this text or the selectors below to navigate to the next page.
                  </span>
                </div>
                <div
                  className="StyledBox-sc-13pk1d4-0 gptnYO"
                />
              </div>
            </div>
          </div>
          <div
            className="StyledBox-sc-13pk1d4-0 dEaSmx StyledCarousel__StyledCarouselChild-sc-c2hjel-1 PORwB"
          >
            <div
              className="StyledBox-sc-13pk1d4-0 dEaSmx"
            >
              <div
                className="StyledBox-sc-13pk1d4-0 eAmReN"
              >
                <h1
                  className="StyledHeading-sc-1rdh4aw-0 hHHhgl"
                >
                  Flight Guesser
                </h1>
                <div
                  className="StyledBox-sc-13pk1d4-0 hfOBwU"
                >
                  <span
                    className="StyledText-sc-1sadyjn-0 fZArgj"
                  >
                    Flight Guesser is a game which uses real-time FlightRadar24 data. The game is designed to be played when an aircraft is spotted overhead, and the objective is to correctly guess the origin and/or destination of the aircraft. Points are awarded based on the distance between the guess made and the correct location.
                  </span>
                </div>
                <div
                  className="StyledBox-sc-13pk1d4-0 hfOBwU"
                >
                  <span
                    className="StyledText-sc-1sadyjn-0 fZArgj"
                  >
                    Players may optionally join or create multiplayer lobbies, where other players' scores are displayed on a scoreboard.
                  </span>
                </div>
                <div
                  className="StyledBox-sc-13pk1d4-0 UfWZU"
                >
                  <button
                    className="StyledButton-sc-323bzc-0 eBQHxY"
                    onBlur={[Function]}
                    onClick={[Function]}
                    onFocus={[Function]}
                    onMouseOut={[Function]}
                    onMouseOver={[Function]}
                    type="button"
                  >
                    View Project
                  </button>
                  <div
                    className="StyledBox__StyledBoxGap-sc-13pk1d4-1 iISQcM"
                  />
                  <button
                    className="StyledButton-sc-323bzc-0 eBQHxY"
                    onBlur={[Function]}
                    onClick={[Function]}
                    onFocus={[Function]}
                    onMouseOut={[Function]}
                    onMouseOver={[Function]}
                    type="button"
                  >
                    Source Code
                  </button>
                </div>
                <div
                  className="StyledBox-sc-13pk1d4-0 cmHnZX"
                >
                  <img
                    className="StyledImage-sc-ey4zx9-0 jAVocN"
                    onError={[Function]}
                    onLoad={[Function]}
                    src="fg.png"
                  />
                </div>
              </div>
            </div>
          </div>
          <div
            className="StyledBox-sc-13pk1d4-0 dEaSmx StyledCarousel__StyledCarouselChild-sc-c2hjel-1 PORwB"
          >
            <div
              className="StyledBox-sc-13pk1d4-0 dEaSmx"
            >
              <div
                className="StyledBox-sc-13pk1d4-0 eAmReN"
              >
                <h1
                  className="StyledHeading-sc-1rdh4aw-0 hHHhgl"
                >
                  Learn Common Words
                </h1>
                <div
                  className="StyledBox-sc-13pk1d4-0 hfOBwU"
                >
                  <span
                    className="StyledText-sc-1sadyjn-0 fZArgj"
                  >
                    The Learn Common Words application is a tool for learning the German language. The user is presented with a German word along with three possible English translations, only one of which is correct, and must choose the correct one.
                  </span>
                </div>
                <div
                  className="StyledBox-sc-13pk1d4-0 hfOBwU"
                >
                  <span
                    className="StyledText-sc-1sadyjn-0 fZArgj"
                  >
                    Initially the words will be selected from the fifty most commonly used words, and as the user answers more questions correctly this number will be increased up to one thousand.
                  </span>
                </div>
                <div
                  className="StyledBox-sc-13pk1d4-0 UfWZU"
                >
                  <button
                    className="StyledButton-sc-323bzc-0 eBQHxY"
                    onBlur={[Function]}
                    onClick={[Function]}
                    onFocus={[Function]}
                    onMouseOut={[Function]}
                    onMouseOver={[Function]}
                    type="button"
                  >
                    View Project
                  </button>
                  <div
                    className="StyledBox__StyledBoxGap-sc-13pk1d4-1 iISQcM"
                  />
                  <button
                    className="StyledButton-sc-323bzc-0 eBQHxY"
                    onBlur={[Function]}
                    onClick={[Function]}
                    onFocus={[Function]}
                    onMouseOut={[Function]}
                    onMouseOver={[Function]}
                    type="button"
                  >
                    Source Code
                  </button>
                </div>
                <div
                  className="StyledBox-sc-13pk1d4-0 cmHnZX"
                >
                  <img
                    className="StyledImage-sc-ey4zx9-0 jAVocN"
                    onError={[Function]}
                    onLoad={[Function]}
                    src="lcw.png"
                  />
                </div>
              </div>
            </div>
          </div>
          <div
            className="StyledBox-sc-13pk1d4-0 bDSydy StyledCarousel__StyledControl-sc-c2hjel-2 hacTBu"
          >
            <div
              className="StyledBox-sc-13pk1d4-0 hJYsrL"
            >
              <div
                className="StyledBox-sc-13pk1d4-0 lQJbx"
              >
                <button
                  aria-label="Jump to slide 1"
                  className="StyledButton-sc-323bzc-0 emhJYD"
                  onBlur={[Function]}
                  onClick={[Function]}
                  onFocus={[Function]}
                  onMouseOut={[Function]}
                  onMouseOver={[Function]}
                  type="button"
                >
                  <svg
                    aria-label="Subtract"
                    className="StyledIcon-sc-ofa7kd-0 kNdUOS"
                    viewBox="0 0 24 24"
                  >
                    <path
                      d="M2 12h20"
                      fill="none"
                      stroke="#000"
                      strokeWidth="2"
                    />
                  </svg>
                </button>
                <button
                  aria-label="Jump to slide 2"
                  className="StyledButton-sc-323bzc-0 emhJYD"
                  onBlur={[Function]}
                  onClick={[Function]}
                  onFocus={[Function]}
                  onMouseOut={[Function]}
                  onMouseOver={[Function]}
                  type="button"
                >
                  <svg
                    aria-label="Subtract"
                    className="StyledIcon-sc-ofa7kd-0 jQvEgu"
                    viewBox="0 0 24 24"
                  >
                    <path
                      d="M2 12h20"
                      fill="none"
                      stroke="#000"
                      strokeWidth="2"
                    />
                  </svg>
                </button>
                <button
                  aria-label="Jump to slide 3"
                  className="StyledButton-sc-323bzc-0 emhJYD"
                  onBlur={[Function]}
                  onClick={[Function]}
                  onFocus={[Function]}
                  onMouseOut={[Function]}
                  onMouseOver={[Function]}
                  type="button"
                >
                  <svg
                    aria-label="Subtract"
                    className="StyledIcon-sc-ofa7kd-0 jQvEgu"
                    viewBox="0 0 24 24"
                  >
                    <path
                      d="M2 12h20"
                      fill="none"
                      stroke="#000"
                      strokeWidth="2"
                    />
                  </svg>
                </button>
              </div>
            </div>
          </div>
          <div
            className="StyledBox-sc-13pk1d4-0 eMuiZr StyledCarousel__StyledControl-sc-c2hjel-2 jgpHPR"
          >
            <button
              aria-label="Go to slide 2"
              className="StyledButton-sc-323bzc-0 hxdeRO"
              disabled={false}
              onBlur={[Function]}
              onClick={[Function]}
              onFocus={[Function]}
              onMouseOut={[Function]}
              onMouseOver={[Function]}
              type="button"
            >
              <svg
                aria-label="Next"
                className="StyledIcon-sc-ofa7kd-0 jQvEgu"
                viewBox="0 0 24 24"
              >
                <path
                  d="m7 2 10 10L7 22"
                  fill="none"
                  stroke="#000"
                  strokeWidth="2"
                />
              </svg>
            </button>
          </div>
        </div>
      </div>
    </div>
  </div>
</div>
`;
